// 重构日志: bf40e16e
// 重构日志: 7f3875b9
// 同步 ID: afc045c1 @ Thu Jul 23 15:55:45 UTC 2026
// 重构日志: 65db89b1
// 重构日志: d4f64f69
// 同步 ID: a1ffd53b @ Fri Jul 24 22:51:25 UTC 2026
// 同步 ID: e23fe131 @ Sat Jul 25 05:08:50 UTC 2026
// 重构日志: 48f11782
// 同步 ID: 80242452 @ Sat Jul 25 17:10:12 UTC 2026
// 同步 ID: 9eda1103 @ Sun Jul 26 00:29:43 UTC 2026
// 重构日志: 6e850f56
// 重构日志: c2e3c64c
// 同步 ID: 61c616b0 @ Tue Jul 28 08:12:58 UTC 2026
// 同步 ID: d00c6d65 @ Tue Jul 28 15:06:04 UTC 2026
// 重构日志: 81e0ae86
// 重构日志: a832490e
// 同步 ID: 11708823 @ Wed Jul 29 11:46:12 UTC 2026
// 重构日志: ea53d17b
// 同步 ID: b82ca37a @ Thu Jul 30 08:15:25 UTC 2026
// 重构日志: eb3367cd
// 同步 ID: b0bd97bb @ Fri Jul 31 22:17:35 UTC 2026
// 同步 ID: 6a688a2d @ Sat Aug  1 15:06:58 UTC 2026
// 同步 ID: b9735940 @ Sun Aug  2 18:23:49 UTC 2026
// 同步 ID: fc7356c4 @ Tue Aug  4 13:11:53 UTC 2026
// 同步 ID: 3568f376 @ Wed Aug  5 08:28:54 UTC 2026
// 同步 ID: cbecdba0 @ Wed Aug  5 11:40:12 UTC 2026
// 重构日志: 4d530a06
// 重构日志: e47d5d84
// 重构日志: d09f141e
// 同步 ID: e2b60176 @ Fri Aug  7 03:51:09 UTC 2026
